Nothing to build in platform 'microblaze'

18:05:30 **** Incremental Build of configuration Debug for project hw_app ****
make all 
Building file: ../src/helloworld.c
Invoking: MicroBlaze gcc compiler
mb-gcc -Wall -O0 -g3 -c -fmessage-length=0 -MT"src/helloworld.o" -IC:/Users/jose_/OneDrive/Ingenieria/Embedded/FPGA/Vivado/MiniProject/Software/microblaze/export/microblaze/sw/microblaze/standalone_domain/bspinclude/include -mno-xl-reorder -mlittle-endian -mcpu=v11.0 -mxl-soft-mul -Wl,--no-relax -ffunction-sections -fdata-sections -MMD -MP -MF"src/helloworld.d" -MT"src/helloworld.o" -o "src/helloworld.o" "../src/helloworld.c"
../src/helloworld.c: In function 'main':
../src/helloworld.c:66:43: warning: passing argument 3 of 'XIOModule_CfgInitialize' makes integer from pointer without a cast [-Wint-conversion]
  XIOModule_CfgInitialize(&iomodule, NULL, NULL);
                                           ^~~~
In file included from ../src/helloworld.c:52:
C:/Users/jose_/OneDrive/Ingenieria/Embedded/FPGA/Vivado/MiniProject/Software/microblaze/export/microblaze/sw/microblaze/standalone_domain/bspinclude/include/xiomodule.h:500:33: note: expected 'u32' {aka 'long unsigned int'} but argument is of type 'void *'
                             u32 EffectiveAddr);
                             ~~~~^~~~~~~~~~~~~
Finished building: ../src/helloworld.c
 
Building target: hw_app.elf
Invoking: MicroBlaze gcc linker
mb-gcc -Wl,-T -Wl,../src/lscript.ld -LC:/Users/jose_/OneDrive/Ingenieria/Embedded/FPGA/Vivado/MiniProject/Software/microblaze/export/microblaze/sw/microblaze/standalone_domain/bsplib/lib -mlittle-endian -mcpu=v11.0 -mxl-soft-mul -Wl,--no-relax -Wl,--gc-sections -o "hw_app.elf"  ./src/helloworld.o ./src/platform.o   -Wl,--start-group,-lxil,-lgcc,-lc,--end-group
Finished building target: hw_app.elf
 
Invoking: MicroBlaze Print Size
mb-size hw_app.elf  |tee "hw_app.elf.size"
   text	   data	    bss	    dec	    hex	filename
   9504	    724	   3116	  13344	   3420	hw_app.elf
Finished building: hw_app.elf.size
 
18:05:33 **** Incremental Build of configuration Debug for project hw_app_system ****
make all 
Skipping SD card image generation. Reason: The system project only has applications for microblaze processors.
