#-----------------------------------------------------------
# Webtalk v2019.2.1 (64-bit)
# SW Build 2729669 on Thu Dec  5 04:49:17 MST 2019
# IP Build 2729494 on Thu Dec  5 07:38:25 MST 2019
# Start of session at: Wed Apr 29 21:08:52 2020
# Process ID: 9912
# Current directory: C:/Users/jose_/OneDrive/Ingenieria/Embedded/FPGA/Vivado/MiniProject/MiniProject.sim/sim_1/behav/xsim
# Command line: wbtcv.exe -mode batch -source C:/Users/jose_/OneDrive/Ingenieria/Embedded/FPGA/Vivado/MiniProject/MiniProject.sim/sim_1/behav/xsim/xsim.dir/cfg_tb_pwm_behav/webtalk/xsim_webtalk.tcl -notrace
# Log file: C:/Users/jose_/OneDrive/Ingenieria/Embedded/FPGA/Vivado/MiniProject/MiniProject.sim/sim_1/behav/xsim/webtalk.log
# Journal file: C:/Users/jose_/OneDrive/Ingenieria/Embedded/FPGA/Vivado/MiniProject/MiniProject.sim/sim_1/behav/xsim\webtalk.jou
#-----------------------------------------------------------
source C:/Users/jose_/OneDrive/Ingenieria/Embedded/FPGA/Vivado/MiniProject/MiniProject.sim/sim_1/behav/xsim/xsim.dir/cfg_tb_pwm_behav/webtalk/xsim_webtalk.tcl -notrace
